Archive member included because of file (symbol)

/home/freescale/fsl-release-bsp/build/tmp/sysroots/imx6solosabresd/usr/lib/arm-poky-linux-gnueabi/4.9.2/libgcc.a(_udivsi3.o)
                              arch/arm/cpu/armv7/built-in.o (__aeabi_uidiv)
/home/freescale/fsl-release-bsp/build/tmp/sysroots/imx6solosabresd/usr/lib/arm-poky-linux-gnueabi/4.9.2/libgcc.a(_divsi3.o)
                              common/built-in.o (__aeabi_idiv)
/home/freescale/fsl-release-bsp/build/tmp/sysroots/imx6solosabresd/usr/lib/arm-poky-linux-gnueabi/4.9.2/libgcc.a(_lshrdi3.o)
                              fs/built-in.o (__aeabi_llsr)
/home/freescale/fsl-release-bsp/build/tmp/sysroots/imx6solosabresd/usr/lib/arm-poky-linux-gnueabi/4.9.2/libgcc.a(_ashldi3.o)
                              drivers/mmc/built-in.o (__aeabi_llsl)
/home/freescale/fsl-release-bsp/build/tmp/sysroots/imx6solosabresd/usr/lib/arm-poky-linux-gnueabi/4.9.2/libgcc.a(_dvmd_lnx.o)
                              /home/freescale/fsl-release-bsp/build/tmp/sysroots/imx6solosabresd/usr/lib/arm-poky-linux-gnueabi/4.9.2/libgcc.a(_udivsi3.o) (__aeabi_idiv0)

Discarded input sections

 .data          0x0000000000000000        0x0 arch/arm/cpu/armv7/start.o
 .bss           0x0000000000000000        0x0 arch/arm/cpu/armv7/start.o
 .text.v7_outer_cache_flush_all
                0x0000000000000000        0x4 arch/arm/cpu/armv7/built-in.o
 .text.v7_outer_cache_inval_all
                0x0000000000000000        0x4 arch/arm/cpu/armv7/built-in.o
 .text.v7_outer_cache_flush_range
                0x0000000000000000        0x4 arch/arm/cpu/armv7/built-in.o
 .text.v7_outer_cache_inval_range
                0x0000000000000000        0x4 arch/arm/cpu/armv7/built-in.o
 .text.v7_arch_cp15_set_l2aux_ctrl
                0x0000000000000000        0x8 arch/arm/cpu/armv7/built-in.o
 .text.v7_arch_cp15_set_acr
                0x0000000000000000        0x8 arch/arm/cpu/armv7/built-in.o
 .text.sdelay   0x0000000000000000        0xc arch/arm/cpu/armv7/built-in.o
 .text.wait_on_value
                0x0000000000000000       0x34 arch/arm/cpu/armv7/built-in.o
 .text.get_boot_device
                0x0000000000000000       0x9c arch/arm/cpu/armv7/built-in.o
 .text.set_arm_freq_400M
                0x0000000000000000       0x2c arch/arm/cpu/armv7/built-in.o
 .text.enable_enet_pll
                0x0000000000000000       0x68 arch/arm/cpu/armv7/built-in.o
 .text.enable_enet_clk
                0x0000000000000000       0x24 arch/arm/cpu/armv7/built-in.o
 .text.enable_uart_clk
                0x0000000000000000       0x24 arch/arm/cpu/armv7/built-in.o
 .text.enable_usdhc_clk
                0x0000000000000000       0x4c arch/arm/cpu/armv7/built-in.o
 .text.enable_spi_clk
                0x0000000000000000       0x44 arch/arm/cpu/armv7/built-in.o
 .text.enable_fec_anatop_clock
                0x0000000000000000       0x98 arch/arm/cpu/armv7/built-in.o
 .text.enable_sata_clock
                0x0000000000000000       0x1c arch/arm/cpu/armv7/built-in.o
 .text.disable_sata_clock
                0x0000000000000000       0x18 arch/arm/cpu/armv7/built-in.o
 .text.enable_pcie_clock
                0x0000000000000000       0x70 arch/arm/cpu/armv7/built-in.o
 .data          0x0000000000000000        0x0 arch/arm/cpu/armv7/built-in.o
 .bss           0x0000000000000000        0x0 arch/arm/cpu/armv7/built-in.o
 .text          0x0000000000000000        0x0 arch/arm/imx-common/built-in.o
 .text.get_imx_reset_cause
                0x0000000000000000       0x10 arch/arm/imx-common/built-in.o
 .text.set_chipselect_size
                0x0000000000000000       0x84 arch/arm/imx-common/built-in.o
 .text.mxs_wait_mask_set
                0x0000000000000000       0x40 arch/arm/imx-common/built-in.o
 .text.mxs_wait_mask_clr
                0x0000000000000000       0x3c arch/arm/imx-common/built-in.o
 .text.mxs_reset_block
                0x0000000000000000       0x90 arch/arm/imx-common/built-in.o
 .text.detect_hdmi
                0x0000000000000000       0x18 arch/arm/imx-common/built-in.o
 .text.usec2ticks
                0x0000000000000000       0x68 arch/arm/imx-common/built-in.o
 .data          0x0000000000000000        0x0 arch/arm/imx-common/built-in.o
 .bss           0x0000000000000000        0x0 arch/arm/imx-common/built-in.o
 .text.reset_misc
                0x0000000000000000        0x4 arch/arm/lib/built-in.o
 .text.flush_cache
                0x0000000000000000        0x4 arch/arm/lib/built-in.o
 .text.flush_dcache_all
                0x0000000000000000        0xc arch/arm/lib/built-in.o
 .text.enable_caches
                0x0000000000000000        0xc arch/arm/lib/built-in.o
 .text.arm_init_before_mmu
                0x0000000000000000        0x4 arch/arm/lib/built-in.o
 .text.mmu_page_table_flush
                0x0000000000000000        0x4 arch/arm/lib/built-in.o
 .rodata.pl310  0x0000000000000000        0x4 arch/arm/lib/built-in.o
 .data          0x0000000000000000        0x0 arch/arm/lib/built-in.o
[...]
Memory Configuration

Name             Origin             Length             Attributes
*default*        0x0000000000000000 0xffffffffffffffff

Linker script and memory map

Address of section .text set to 0x17800000
                0x0000000000000000                . = 0x0
                0x0000000000000000                . = ALIGN (0x4)

.text           0x0000000017800000    0x3d3a8
 *(.__image_copy_start)
 .__image_copy_start
                0x0000000017800000        0x0 arch/arm/lib/built-in.o
                0x0000000017800000                __image_copy_start
 *(.vectors)
 .vectors       0x0000000017800000      0x300 arch/arm/lib/built-in.o
                0x0000000017800000                _start
                0x0000000017800020                _undefined_instruction
                0x0000000017800024                _software_interrupt
                0x0000000017800028                _prefetch_abort
                0x000000001780002c                _data_abort
                0x0000000017800030                _not_used
                0x0000000017800034                _irq
                0x0000000017800038                _fiq
                0x0000000017800040                IRQ_STACK_START_IN
 arch/arm/cpu/armv7/start.o(.text*)
 .text          0x0000000017800300       0xbc arch/arm/cpu/armv7/start.o
                0x0000000017800300                reset
                0x0000000017800304                save_boot_params_ret
                0x0000000017800340                c_runtime_cpu_setup
                0x0000000017800350                save_boot_params
                0x0000000017800354                cpu_init_cp15
                0x00000000178003b4                cpu_init_crit
 *(.text*)
 .text          0x00000000178003bc       0x1c arch/arm/cpu/armv7/built-in.o
                0x00000000178003bc                lowlevel_init
 .text.v7_maint_dcache_all
                0x00000000178003d8       0xd0 arch/arm/cpu/armv7/built-in.o
 .text.invalidate_icache_all
                0x00000000178004a8       0x18 arch/arm/cpu/armv7/built-in.o
                0x00000000178004a8                invalidate_icache_all
 .text.v7_outer_cache_enable
                0x00000000178004c0       0x6c arch/arm/cpu/armv7/built-in.o
                0x00000000178004c4                v7_outer_cache_enable
 .text.v7_outer_cache_disable
                0x000000001780052c       0x1c arch/arm/cpu/armv7/built-in.o
                0x0000000017800530                v7_outer_cache_disable
 .text.flush_dcache_all
                0x0000000017800548       0x14 arch/arm/cpu/armv7/built-in.o
                0x0000000017800548                flush_dcache_all
 .text.invalidate_dcache_all
                0x000000001780055c       0x14 arch/arm/cpu/armv7/built-in.o
                0x000000001780055c                invalidate_dcache_all
 .text.arm_init_before_mmu
                0x0000000017800570       0x28 arch/arm/cpu/armv7/built-in.o
                0x0000000017800570                arm_init_before_mmu
 .text.flush_dcache_range
                0x0000000017800598       0x3c arch/arm/cpu/armv7/built-in.o
                0x0000000017800598                flush_dcache_range
 .text.mmu_page_table_flush
                0x00000000178005d4       0x24 arch/arm/cpu/armv7/built-in.o
                0x00000000178005d4                mmu_page_table_flush
 .text.flush_cache
                0x00000000178005f8        0x8 arch/arm/cpu/armv7/built-in.o
                0x00000000178005f8                flush_cache
 .text.invalidate_dcache_range
                0x0000000017800600       0xac arch/arm/cpu/armv7/built-in.o
                0x0000000017800600                invalidate_dcache_range
 .text.cpu_cache_initialization
                0x00000000178006ac        0x4 arch/arm/cpu/armv7/built-in.o
                0x00000000178006ac                cpu_cache_initialization
 .text.cleanup_before_linux
                0x00000000178006b0       0x28 arch/arm/cpu/armv7/built-in.o
                0x00000000178006b0                cleanup_before_linux
 .text.get_nr_cpus
                0x00000000178006d8       0x10 arch/arm/cpu/armv7/built-in.o
                0x00000000178006d8                get_nr_cpus
 .text.get_cpu_rev
                0x00000000178006e8       0x68 arch/arm/cpu/armv7/built-in.o
                0x00000000178006e8                get_cpu_rev
 .text.get_board_rev
                0x0000000017800750       0x30 arch/arm/cpu/armv7/built-in.o
                0x0000000017800750                get_board_rev
 .text.init_aips
                0x0000000017800780       0x58 arch/arm/cpu/armv7/built-in.o
                0x0000000017800780                init_aips
 .text.arch_cpu_init
                0x00000000178007d8      0x1a4 arch/arm/cpu/armv7/built-in.o
                0x00000000178007d8                arch_cpu_init
 .text.board_postclk_init
                0x000000001780097c       0x50 arch/arm/cpu/armv7/built-in.o
                0x000000001780097c                board_postclk_init
 .text.enable_caches
                0x00000000178009cc       0x34 arch/arm/cpu/armv7/built-in.o
                0x00000000178009cc                enable_caches
 .text.imx_get_mac_from_fuse
                0x0000000017800a00       0x3c arch/arm/cpu/armv7/built-in.o
                0x0000000017800a00                imx_get_mac_from_fuse
 .text.boot_mode_apply
                0x0000000017800a3c       0x24 arch/arm/cpu/armv7/built-in.o
                0x0000000017800a3c                boot_mode_apply
 .text.s_init   0x0000000017800a60       0x88 arch/arm/cpu/armv7/built-in.o
                0x0000000017800a60                s_init
 .text.set_wdog_reset
                0x0000000017800ae8       0x18 arch/arm/cpu/armv7/built-in.o
                0x0000000017800ae8                set_wdog_reset
 .text.reset_misc
                0x0000000017800b00        0x4 arch/arm/cpu/armv7/built-in.o
                0x0000000017800b00                reset_misc
 .text.check_ldo_bypass
                0x0000000017800b04       0x78 arch/arm/cpu/armv7/built-in.o
                0x0000000017800b04                check_ldo_bypass
 .text.check_1_2G
                0x0000000017800b7c       0x5c arch/arm/cpu/armv7/built-in.o
                0x0000000017800b7c                check_1_2G
 .text.prep_anatop_bypass
                0x0000000017800bd8       0x6c arch/arm/cpu/armv7/built-in.o
                0x0000000017800bd8                prep_anatop_bypass
 .text.set_anatop_bypass
                0x0000000017800c44       0x50 arch/arm/cpu/armv7/built-in.o
                0x0000000017800c44                set_anatop_bypass
 .text.finish_anatop_bypass
                0x0000000017800c94       0x24 arch/arm/cpu/armv7/built-in.o
                0x0000000017800c94                finish_anatop_bypass
 .text.imx_enable_hdmi_phy
                0x0000000017800cb8       0x4c arch/arm/cpu/armv7/built-in.o
                0x0000000017800cb8                imx_enable_hdmi_phy
 .text.imx_setup_hdmi
                0x0000000017800d04       0x78 arch/arm/cpu/armv7/built-in.o
                0x0000000017800d04                imx_setup_hdmi
 .text.get_ipg_clk
                0x0000000017800d7c       0x28 arch/arm/cpu/armv7/built-in.o
 .text.get_uart_clk
                0x0000000017800da4       0x54 arch/arm/cpu/armv7/built-in.o
 .text.mxc_get_pll_pfd
                0x0000000017800df8       0xa0 arch/arm/cpu/armv7/built-in.o
 .text.get_usdhc_clk
                0x0000000017800e98       0x90 arch/arm/cpu/armv7/built-in.o
 .text.enable_ocotp_clk
                0x0000000017800f28       0x24 arch/arm/cpu/armv7/built-in.o
                0x0000000017800f28                enable_ocotp_clk
 .text.enable_usboh3_clk
                0x0000000017800f4c       0x24 arch/arm/cpu/armv7/built-in.o
                0x0000000017800f4c                enable_usboh3_clk
 .text.enable_i2c_clk
                0x0000000017800f70       0x48 arch/arm/cpu/armv7/built-in.o
                0x0000000017800f70                enable_i2c_clk
 .text.get_periph_clk
                0x0000000017800fb8       0xdc arch/arm/cpu/armv7/built-in.o
                0x0000000017800fb8                get_periph_clk
 .text.get_axi_clk
                0x0000000017801094       0x4c arch/arm/cpu/armv7/built-in.o
 .text.imx_get_uartclk
                0x00000000178010e0        0x4 arch/arm/cpu/armv7/built-in.o
                0x00000000178010e0                imx_get_uartclk
 .text.enable_thermal_clk
                0x00000000178010e4       0x48 arch/arm/cpu/armv7/built-in.o
                0x00000000178010e4                enable_thermal_clk
 .text.mxc_get_clock
                0x000000001780112c      0x1cc arch/arm/cpu/armv7/built-in.o
                0x000000001780112c                mxc_get_clock
 .text.imx_get_fecclk
                0x00000000178012f8        0x8 arch/arm/cpu/armv7/built-in.o
                0x00000000178012f8                imx_get_fecclk
 .text.do_mx6_showclocks
                0x0000000017801300      0x24c arch/arm/cpu/armv7/built-in.o
                0x0000000017801300                do_mx6_showclocks
 .text.enable_ipu_clock
                0x000000001780154c       0x18 arch/arm/cpu/armv7/built-in.o
                0x000000001780154c                enable_ipu_clock
 .text.cpu_reset
                0x0000000017801564       0x28 arch/arm/cpu/armv7/built-in.o
                0x0000000017801564                cpu_reset
 .text.cpu_status
                0x000000001780158c       0x40 arch/arm/cpu/armv7/built-in.o
                0x000000001780158c                cpu_status
 .text.cpu_release
                0x00000000178015cc       0x80 arch/arm/cpu/armv7/built-in.o
                0x00000000178015cc                cpu_release
 .text.is_core_valid
                0x000000001780164c       0x1c arch/arm/cpu/armv7/built-in.o
                0x000000001780164c                is_core_valid
 .text.cpu_disable
                0x0000000017801668       0x28 arch/arm/cpu/armv7/built-in.o
                0x0000000017801668                cpu_disable
 .text.imx_iomux_v3_setup_pad
                0x0000000017801690       0xb0 arch/arm/imx-common/built-in.o
                0x0000000017801690                imx_iomux_v3_setup_pad
 .text.imx_iomux_v3_setup_multiple_pads
                0x0000000017801740       0x2c arch/arm/imx-common/built-in.o
                0x0000000017801740                imx_iomux_v3_setup_multiple_pads
 .text.imx_iomux_set_gpr_register
                0x000000001780176c       0x3c arch/arm/imx-common/built-in.o
                0x000000001780176c                imx_iomux_set_gpr_register
 .text.imx_ddr_size
                0x00000000178017a8       0x64 arch/arm/imx-common/built-in.o
                0x00000000178017a8                imx_ddr_size
 .text.get_imx_type
                0x000000001780180c       0x20 arch/arm/imx-common/built-in.o
                0x000000001780180c                get_imx_type
 .text.print_cpuinfo
                0x000000001780182c      0x1d8 arch/arm/imx-common/built-in.o
                0x000000001780182c                print_cpuinfo
 .text.cpu_eth_init
                0x0000000017801a04        0x4 arch/arm/imx-common/built-in.o
                0x0000000017801a04                cpu_eth_init
 .text.cpu_mmc_init
                0x0000000017801a08        0x4 arch/arm/imx-common/built-in.o
                0x0000000017801a08                cpu_mmc_init
 .text.get_ahb_clk
                0x0000000017801a0c       0x24 arch/arm/imx-common/built-in.o
                0x0000000017801a0c                get_ahb_clk
 .text.arch_preboot_os
                0x0000000017801a30       0x14 arch/arm/imx-common/built-in.o
                0x0000000017801a30                arch_preboot_os
 .text.get_clocks
                0x0000000017801a44       0x1c arch/arm/imx-common/built-in.o
                0x0000000017801a44                get_clocks
 .text.force_idle_bus
                0x0000000017801a60      0x1c4 arch/arm/imx-common/built-in.o
 .text.setup_i2c
                0x0000000017801c24       0xe4 arch/arm/imx-common/built-in.o
                0x0000000017801c24                setup_i2c
 .text.board_video_skip
                0x0000000017801d08      0x170 arch/arm/imx-common/built-in.o
                0x0000000017801d08                board_video_skip
 .text.timer_init
                0x0000000017801e78      0x13c arch/arm/imx-common/built-in.o
                0x0000000017801e78                timer_init
 .text.get_ticks
                0x0000000017801fb4       0x44 arch/arm/imx-common/built-in.o
                0x0000000017801fb4                get_ticks
 .text.get_timer_masked
                0x0000000017801ff8       0xf0 arch/arm/imx-common/built-in.o
                0x0000000017801ff8                get_timer_masked
 .text.get_timer
                0x00000000178020e8       0x14 arch/arm/imx-common/built-in.o
                0x00000000178020e8                get_timer
 .text.__udelay
                0x00000000178020fc      0x128 arch/arm/imx-common/built-in.o
                0x00000000178020fc                __udelay
 .text.get_tbclk
                0x0000000017802224       0x94 arch/arm/imx-common/built-in.o
                0x0000000017802224                get_tbclk
 .text.create_usage
                0x00000000178022b8       0xa0 arch/arm/imx-common/built-in.o
 .text.do_boot_mode
                0x0000000017802358       0xcc arch/arm/imx-common/built-in.o
 .text.add_board_boot_modes
                0x0000000017802424       0x60 arch/arm/imx-common/built-in.o
                0x0000000017802424                add_board_boot_modes
 .text          0x0000000017802484       0xa8 arch/arm/lib/built-in.o
                0x0000000017802484                _main
 .text.relocate_vectors
                0x000000001780252c       0x70 arch/arm/lib/built-in.o
                0x000000001780252c                relocate_vectors
                0x0000000017802538                relocate_code
 .text.arch_fixup_fdt
                0x000000001780259c       0x38 arch/arm/lib/built-in.o
                0x000000001780259c                arch_fixup_fdt
 .text.boot_jump_linux
                0x00000000178025d4       0xb8 arch/arm/lib/built-in.o
 .text.arch_lmb_reserve
                0x000000001780268c       0x24 arch/arm/lib/built-in.o
                0x000000001780268c                arch_lmb_reserve
 .text.setup_board_tags
                0x00000000178026b0        0x4 arch/arm/lib/built-in.o
                0x00000000178026b0                setup_board_tags
 .text.boot_prep_linux
                0x00000000178026b4      0x194 arch/arm/lib/built-in.o
 .text.do_bootm_linux
                0x0000000017802848       0x5c arch/arm/lib/built-in.o
                0x0000000017802848                do_bootm_linux
 .text.bootz_setup
                0x00000000178028a4       0x60 arch/arm/lib/built-in.o
                0x00000000178028a4                bootz_setup
 .text.boot_prep_vxworks
                0x0000000017802904       0x50 arch/arm/lib/built-in.o
                0x0000000017802904                boot_prep_vxworks
 .text.boot_jump_vxworks
                0x0000000017802954        0xc arch/arm/lib/built-in.o
                0x0000000017802954                boot_jump_vxworks
 .text.pl310_background_op_all_ways
                0x0000000017802960       0x38 arch/arm/lib/built-in.o
 .text.v7_outer_cache_inval_all
                0x0000000017802998        0xc arch/arm/lib/built-in.o
                0x0000000017802998                v7_outer_cache_inval_all
 .text.v7_outer_cache_flush_all
                0x00000000178029a4        0xc arch/arm/lib/built-in.o
                0x00000000178029a4                v7_outer_cache_flush_all
 .text.v7_outer_cache_flush_range
                0x00000000178029b0       0x30 arch/arm/lib/built-in.o
                0x00000000178029b0                v7_outer_cache_flush_range
 .text.v7_outer_cache_inval_range
                0x00000000178029e0       0x80 arch/arm/lib/built-in.o
                0x00000000178029e0                v7_outer_cache_inval_range
 .text.arch_reserve_stacks
                0x0000000017802a60       0x1c arch/arm/lib/built-in.o
                0x0000000017802a60                arch_reserve_stacks
 .text.interrupt_init
                0x0000000017802a7c       0x1c arch/arm/lib/built-in.o
                0x0000000017802a7c                interrupt_init
 .text.enable_interrupts
                0x0000000017802a98        0x4 arch/arm/lib/built-in.o
                0x0000000017802a98                enable_interrupts
 .text.disable_interrupts
                0x0000000017802a9c        0x8 arch/arm/lib/built-in.o
                0x0000000017802a9c                disable_interrupts
 .text.bad_mode
                0x0000000017802aa4       0x10 arch/arm/lib/built-in.o
                0x0000000017802aa4                bad_mode
 .text.show_regs
                0x0000000017802ab4      0x174 arch/arm/lib/built-in.o
                0x0000000017802ab4                show_regs
 .text.do_undefined_instruction
                0x0000000017802c28       0x20 arch/arm/lib/built-in.o
                0x0000000017802c28                do_undefined_instruction
 .text.do_software_interrupt
                0x0000000017802c48       0x20 arch/arm/lib/built-in.o
                0x0000000017802c48                do_software_interrupt
 .text.do_prefetch_abort
                0x0000000017802c68       0x20 arch/arm/lib/built-in.o
                0x0000000017802c68                do_prefetch_abort
 .text.do_data_abort
                0x0000000017802c88       0x20 arch/arm/lib/built-in.o
                0x0000000017802c88                do_data_abort
 .text.do_not_used
                0x0000000017802ca8       0x20 arch/arm/lib/built-in.o
                0x0000000017802ca8                do_not_used
 .text.do_fiq   0x0000000017802cc8       0x20 arch/arm/lib/built-in.o
                0x0000000017802cc8                do_fiq
 .text.do_irq   0x0000000017802ce8       0x20 arch/arm/lib/built-in.o
                0x0000000017802ce8                do_irq
 .text.do_reset
                0x0000000017802d08       0x30 arch/arm/lib/built-in.o
                0x0000000017802d08                do_reset
 .text.cp_delay
                0x0000000017802d38       0x30 arch/arm/lib/built-in.o
 .text.cache_disable
                0x0000000017802d68       0x50 arch/arm/lib/built-in.o
 .text.arm_init_domains
                0x0000000017802db8        0x4 arch/arm/lib/built-in.o
                0x0000000017802db8                arm_init_domains
 .text.set_section_dcache
                0x0000000017802dbc       0x14 arch/arm/lib/built-in.o
                0x0000000017802dbc                set_section_dcache
 .text.mmu_set_region_dcache_behaviour
                0x0000000017802dd0       0x50 arch/arm/lib/built-in.o
                0x0000000017802dd0                mmu_set_region_dcache_behaviour
 .text.dram_bank_mmu_setup
                0x0000000017802e20       0x44 arch/arm/lib/built-in.o
                0x0000000017802e20                dram_bank_mmu_setup
 .text.icache_enable
                0x0000000017802e64       0x18 arch/arm/lib/built-in.o
                0x0000000017802e64                icache_enable
 .text.icache_disable
                0x0000000017802e7c        0x8 arch/arm/lib/built-in.o
                0x0000000017802e7c                icache_disable
 .text.icache_status
                0x0000000017802e84        0xc arch/arm/lib/built-in.o
                0x0000000017802e84                icache_status
 .text.dcache_enable
                0x0000000017802e90       0x6c arch/arm/lib/built-in.o
                0x0000000017802e90                dcache_enable
 .text.dcache_disable
                0x0000000017802efc        0x8 arch/arm/lib/built-in.o
                0x0000000017802efc                dcache_disable
 .text.dcache_status
                0x0000000017802f04        0xc arch/arm/lib/built-in.o
                0x0000000017802f04                dcache_status
 .text.pfuze_mode_init
                0x0000000017802f10       0xa0 board/freescale/common/built-in.o
                0x0000000017802f10                pfuze_mode_init
 .text.pfuze_common_init
                0x0000000017802fb0      0x10c board/freescale/common/built-in.o
                0x0000000017802fb0                pfuze_common_init
 .text.enable_lvds
                0x00000000178030bc       0x14 board/freescale/mx6sabresd/built-in.o
 .text.enable_rgb
                0x00000000178030d0       0x24 board/freescale/mx6sabresd/built-in.o
 .text.do_enable_hdmi
                0x00000000178030f4       0x18 board/freescale/mx6sabresd/built-in.o
 .text.dram_init
                0x000000001780310c       0x18 board/freescale/mx6sabresd/built-in.o
                0x000000001780310c                dram_init
 .text.board_spi_cs_gpio
                0x0000000017803124       0x10 board/freescale/mx6sabresd/built-in.o
                0x0000000017803124                board_spi_cs_gpio
 .text.mmc_get_env_devno
                0x0000000017803134       0x24 board/freescale/mx6sabresd/built-in.o
                0x0000000017803134                mmc_get_env_devno
 .text.board_mmc_getcd
                0x0000000017803158       0x60 board/freescale/mx6sabresd/built-in.o
                0x0000000017803158                board_mmc_getcd
 .text.board_mmc_init
                0x00000000178031b8       0xb8 board/freescale/mx6sabresd/built-in.o
                0x00000000178031b8                board_mmc_init
 .text.check_mmc_autodetect
                0x0000000017803270       0x38 board/freescale/mx6sabresd/built-in.o
                0x0000000017803270                check_mmc_autodetect
 .text.board_late_mmc_env_init
                0x00000000178032a8       0x78 board/freescale/mx6sabresd/built-in.o
                0x00000000178032a8                board_late_mmc_env_init
 .text.mx6_rgmii_rework
                0x0000000017803320      0x110 board/freescale/mx6sabresd/built-in.o
                0x0000000017803320                mx6_rgmii_rework
 .text.board_phy_config
                0x0000000017803430       0x2c board/freescale/mx6sabresd/built-in.o
                0x0000000017803430                board_phy_config
 .text.overwrite_console
                0x000000001780345c        0x8 board/freescale/mx6sabresd/built-in.o
                0x000000001780345c                overwrite_console
 .text.board_eth_init
                0x0000000017803464       0x54 board/freescale/mx6sabresd/built-in.o
                0x0000000017803464                board_eth_init
 .text.board_ehci_hcd_init
                0x00000000178034b8       0x28 board/freescale/mx6sabresd/built-in.o
                0x00000000178034b8                board_ehci_hcd_init
 .text.board_ehci_power
                0x00000000178034e0       0x4c board/freescale/mx6sabresd/built-in.o
                0x00000000178034e0                board_ehci_power
 .text.board_early_init_f
                0x000000001780352c       0x8c board/freescale/mx6sabresd/built-in.o
                0x000000001780352c                board_early_init_f
 .text.board_init
                0x00000000178035b8       0x7c board/freescale/mx6sabresd/built-in.o
                0x00000000178035b8                board_init
 .text.power_init_board
                0x0000000017803634      0x260 board/freescale/mx6sabresd/built-in.o
                0x0000000017803634                power_init_board
 .text.ldo_mode_set
                0x0000000017803894      0x2a8 board/freescale/mx6sabresd/built-in.o
                0x0000000017803894                ldo_mode_set
 .text.board_late_init
                0x0000000017803b3c       0x1c board/freescale/mx6sabresd/built-in.o
                0x0000000017803b3c                board_late_init
 .text.checkboard
                0x0000000017803b58       0x18 board/freescale/mx6sabresd/built-in.o
                0x0000000017803b58                checkboard
 .text.show_boot_progress
                0x0000000017803b70        0x4 common/built-in.o
                0x0000000017803b70                show_boot_progress
 .text.main_loop
                0x0000000017803b74       0x20 common/built-in.o
                0x0000000017803b74                main_loop
 .text.dummy    0x0000000017803b94        0x4 common/built-in.o
 .text.get_version
                0x0000000017803b98        0x8 common/built-in.o
                0x0000000017803b98                get_version
 .text.jumptable_init
                0x0000000017803ba0      0x1c0 common/built-in.o
                0x0000000017803ba0                jumptable_init
 .text.hash_command
                0x0000000017803d60       0xb4 common/built-in.o
                0x0000000017803d60                hash_command
 .text.b_reset  0x0000000017803e14       0x1c common/built-in.o
 .text.static_get
                0x0000000017803e30       0x1c common/built-in.o
 .text.static_peek
                0x0000000017803e4c        0xc common/built-in.o
 .text.file_peek
                0x0000000017803e58        0xc common/built-in.o
 .text.mapset   0x0000000017803e64       0x20 common/built-in.o
 .text.syntax_err
                0x0000000017803e84        0xc common/built-in.o
 .text.free_pipe_list
                0x0000000017803e90       0xf0 common/built-in.o
 .text.xmalloc  0x0000000017803f80       0x20 common/built-in.o
 .text.new_pipe
                0x0000000017803fa0       0x28 common/built-in.o
 .text.xrealloc
                0x0000000017803fc8       0x20 common/built-in.o
 .text.done_command
                0x0000000017803fe8       0x88 common/built-in.o
 .text.done_pipe
                0x0000000017804070       0x48 common/built-in.o
 .text.done_word
                0x00000000178040b8      0x2d8 common/built-in.o
 .text.do_showvar
                0x0000000017804390       0xfc common/built-in.o
 .text.is_assignment
                0x000000001780448c       0x5c common/built-in.o
 .text.file_get
                0x00000000178044e8      0x1ec common/built-in.o
 .text.b_addchr
                0x00000000178046d4       0x78 common/built-in.o
 .text.b_addqchr
                0x000000001780474c       0x50 common/built-in.o
 .text.get_local_var
                0x000000001780479c       0xa0 common/built-in.o
                0x000000001780479c                get_local_var
 .text.set_local_var
                0x000000001780483c      0x1ac common/built-in.o
                0x000000001780483c                set_local_var
 .text.insert_var_value_sub
                0x00000000178049e8      0x2c0 common/built-in.o
 .text.parse_string_outer
                0x0000000017804ca8       0xe4 common/built-in.o
                0x0000000017804ca8                parse_string_outer
 .text.run_list_real
                0x0000000017804d8c      0x7e4 common/built-in.o
 .text.parse_stream_outer
                0x0000000017805570      0x6d4 common/built-in.o
 .text.parse_file_outer
                0x0000000017805c44       0x44 common/built-in.o
                0x0000000017805c44                parse_file_outer
 .text.u_boot_hush_start
                0x0000000017805c88       0x54 common/built-in.o
                0x0000000017805c88                u_boot_hush_start
 .text.bootdelay_process
                0x0000000017805cdc       0xd0 common/built-in.o
                0x0000000017805cdc                bootdelay_process
 .text.autoboot_command
                0x0000000017805dac       0xd0 common/built-in.o
                0x0000000017805dac                autoboot_command
 .text.display_text_info
                0x0000000017805e7c        0x8 common/built-in.o
 .text.setup_mon_len
                0x0000000017805e84       0x20 common/built-in.o
 .text.setup_fdt
                0x0000000017805ea4        0x8 common/built-in.o
 .text.reserve_round_4k
                0x0000000017805eac       0x18 common/built-in.o
 .text.reserve_mmu
                0x0000000017805ec4       0x38 common/built-in.o
 .text.reserve_trace
                0x0000000017805efc        0x8 common/built-in.o
 .text.reserve_uboot
                0x0000000017805f04       0x30 common/built-in.o
 .text.reserve_malloc
                0x0000000017805f34       0x18 common/built-in.o
 .text.setup_machine
                0x0000000017805f4c       0x14 common/built-in.o
 .text.reserve_global_data
                0x0000000017805f60       0x1c common/built-in.o
 .text.reserve_fdt
                0x0000000017805f7c       0x4c common/built-in.o
 .text.display_new_sp
                0x0000000017805fc8        0x8 common/built-in.o
 .text.initf_malloc
                0x0000000017805fd0       0x1c common/built-in.o
 .text.reserve_arch
                0x0000000017805fec        0x8 common/built-in.o
                0x0000000017805fec                reserve_arch
 .text.setup_reloc
                0x0000000017805ff4       0x28 common/built-in.o
 .text.reloc_fdt
                0x000000001780601c       0x30 common/built-in.o
 .text.announce_dram_init
                0x000000001780604c       0x18 common/built-in.o
 .text.init_func_i2c
                0x0000000017806064       0x28 common/built-in.o
 .text.init_baud_rate
                0x000000001780608c       0x2c common/built-in.o
 .text.initf_dm
                0x00000000178060b8        0x8 common/built-in.o
 .text.mark_bootstage
                0x00000000178060c0       0x14 common/built-in.o
 .text.reserve_board
                0x00000000178060d4       0x38 common/built-in.o
 .text.coloured_LED_init
                0x000000001780610c        0x4 common/built-in.o
                0x000000001780610c                coloured_LED_init
 .text.red_led_on
                0x0000000017806110        0x4 common/built-in.o
                0x0000000017806110                red_led_on
 .text.board_add_ram_info
                0x0000000017806114        0x4 common/built-in.o
                0x0000000017806114                board_add_ram_info
 .text.show_dram_config
                0x0000000017806118       0x38 common/built-in.o
 .text.dram_init_banksize
                0x0000000017806150       0x20 common/built-in.o
                0x0000000017806150                dram_init_banksize
 .text.setup_dram_config
                0x0000000017806170       0x10 common/built-in.o
 .text.board_get_usable_ram_top
                0x0000000017806180       0x14 common/built-in.o
                0x0000000017806180                board_get_usable_ram_top
 .text.setup_dest_addr
                0x0000000017806194       0x3c common/built-in.o
 .text.reserve_stacks
                0x00000000178061d0       0x1c common/built-in.o
 .text.board_init_f
                0x00000000178061ec       0x28 common/built-in.o
                0x00000000178061ec                board_init_f
 .text.bootstage_relocate
                0x0000000017806214        0x8 common/built-in.o
 .text.initr_trace
                0x000000001780621c        0x8 common/built-in.o
 .text.initr_reloc_global_data
                0x0000000017806224       0x28 common/built-in.o
 .text.initr_barrier
                0x000000001780624c        0x8 common/built-in.o
 .text.initr_announce
                0x0000000017806254        0x8 common/built-in.o
 .text.run_main_loop
                0x000000001780625c        0xc common/built-in.o
 .text.initr_net
                0x0000000017806268       0x20 common/built-in.o
 .text.initr_ethaddr
                0x0000000017806288       0x20 common/built-in.o
 .text.initr_enable_interrupts
                0x00000000178062a8       0x10 common/built-in.o
 .text.initr_jumptable
                0x00000000178062b8       0x10 common/built-in.o
 .text.initr_env
                0x00000000178062c8       0x30 common/built-in.o
 .text.initr_mmc
                0x00000000178062f8       0x20 common/built-in.o
 .text.initr_serial
                0x0000000017806318       0x10 common/built-in.o
 .text.initr_dm
                0x0000000017806328       0x14 common/built-in.o
 .text.initr_malloc
                0x000000001780633c       0x24 common/built-in.o
 .text.initr_caches
                0x0000000017806360       0x10 common/built-in.o
 .text.initr_reloc
                0x0000000017806370       0x24 common/built-in.o
 .text.cpu_secondary_init_r
                0x0000000017806394        0x4 common/built-in.o
                0x0000000017806394                cpu_secondary_init_r
 .text.initr_secondary_cpu
                0x0000000017806398       0x10 common/built-in.o
 .text.board_init_r
                0x00000000178063a8       0x14 common/built-in.o
                0x00000000178063a8                board_init_r
 .text.show_board_info
                0x00000000178063bc        0x4 common/built-in.o
                0x00000000178063bc                show_board_info
 .text.do_go_exec
                0x00000000178063c0       0x10 common/built-in.o
                0x00000000178063c0                do_go_exec
 .text.do_go    0x00000000178063d0       0x6c common/built-in.o
 .text.do_bootm
                0x000000001780643c      0x118 common/built-in.o
                0x000000001780643c                do_bootm
 .text.do_bootd
                0x0000000017806554       0x20 common/built-in.o
                0x0000000017806554                do_bootd
 .text.image_info
                0x0000000017806574       0xcc common/built-in.o
 .text.do_iminfo
                0x0000000017806640       0x60 common/built-in.o
 .text.bootm_maybe_autostart
                0x00000000178066a0       0x78 common/built-in.o
                0x00000000178066a0                bootm_maybe_autostart
 .text.do_bootz
                0x0000000017806718       0xf8 common/built-in.o
                0x0000000017806718                do_bootz
 .text.bootm_find_ramdisk_fdt
                0x0000000017806810       0xa8 common/built-in.o
                0x0000000017806810                bootm_find_ramdisk_fdt
 .text.bootm_decomp_image
                0x00000000178068b8      0x150 common/built-in.o
                0x00000000178068b8                bootm_decomp_image
 .text.bootm_disable_interrupts
                0x0000000017806a08       0x18 common/built-in.o
                0x0000000017806a08                bootm_disable_interrupts
 .text.do_bootm_states
                0x0000000017806a20      0x74c common/built-in.o
                0x0000000017806a20                do_bootm_states
 .text.copy_args
                0x000000001780716c       0x50 common/built-in.o
 .text.do_bootm_rtems
                0x00000000178071bc       0x40 common/built-in.o
 .text.do_bootm_plan9
                0x00000000178071fc       0xa4 common/built-in.o
 .text.do_bootm_standalone
                0x00000000178072a0       0x64 common/built-in.o
 .text.do_bootm_netbsd
                0x0000000017807304       0xf8 common/built-in.o
 .text.do_bootvx_fdt
                0x00000000178073fc      0x10c common/built-in.o
                0x00000000178073fc                do_bootvx_fdt
 .text.do_bootm_vxworks
                0x0000000017807508       0x24 common/built-in.o
 .text.boot_selected_os
                0x000000001780752c       0x58 common/built-in.o
                0x000000001780752c                boot_selected_os
 .text.bootm_os_get_boot_func
                0x0000000017807584       0x10 common/built-in.o
                0x0000000017807584                bootm_os_get_boot_func
 .text.do_help  0x0000000017807594       0x48 common/built-in.o
 .text.do_version
                0x00000000178075dc       0x38 common/built-in.o
 .text.env_attr_walk
                0x0000000017807614      0x114 common/built-in.o
                0x0000000017807614                env_attr_walk
 .text.env_attr_lookup
                0x0000000017807728      0x18c common/built-in.o
                0x0000000017807728                env_attr_lookup
 .text.clear_callback
                0x00000000178078b4       0x10 common/built-in.o
 .text.find_env_callback
                0x00000000178078c4       0x68 common/built-in.o
 .text.on_callbacks
                0x000000001780792c       0x48 common/built-in.o
 .text.set_callback
                0x0000000017807974       0x94 common/built-in.o
 .text.env_callback_init
                0x0000000017807a08       0xc4 common/built-in.o
                0x0000000017807a08                env_callback_init
 .text.skip_num
                0x0000000017807acc       0x70 common/built-in.o
 .text.clear_flags
                0x0000000017807b3c       0x10 common/built-in.o
 .text.on_flags
                0x0000000017807b4c       0x48 common/built-in.o
 .text.env_flags_parse_vartype
                0x0000000017807b94       0x50 common/built-in.o
                0x0000000017807b94                env_flags_parse_vartype
 .text.env_flags_parse_varaccess
                0x0000000017807be4       0x58 common/built-in.o
                0x0000000017807be4                env_flags_parse_varaccess
 .text.set_flags
                0x0000000017807c3c       0xac common/built-in.o
 .text.env_flags_init
                0x0000000017807ce8       0xd8 common/built-in.o
                0x0000000017807ce8                env_flags_init
 .text.env_flags_validate
                0x0000000017807dc0      0x324 common/built-in.o
                0x0000000017807dc0                env_flags_validate
 .text.mmc_get_env_addr
                0x00000000178080e4       0x10 common/built-in.o
                0x00000000178080e4                mmc_get_env_addr
 .text.env_init
                0x00000000178080f4       0x1c common/built-in.o
                0x00000000178080f4                env_init
 .text.mmc_get_env_part
                0x0000000017808110        0x8 common/built-in.o
                0x0000000017808110                mmc_get_env_part
 .text.init_mmc_for_env
                0x0000000017808118       0x78 common/built-in.o
 .text.fini_mmc_for_env
                0x0000000017808190       0x30 common/built-in.o
 .text.saveenv  0x00000000178081c0      0x10c common/built-in.o
                0x00000000178081c0                saveenv
 .text.env_relocate_spec
                0x00000000178082cc       0xe0 common/built-in.o
                0x00000000178082cc                env_relocate_spec
 .text.source   0x00000000178083ac       0xd8 common/built-in.o
                0x00000000178083ac                source
 .text.do_source
                0x0000000017808484       0x44 common/built-in.o
 .text.print_num
                0x00000000178084c8       0x18 common/built-in.o
 .text.do_bdinfo
                0x00000000178084e0      0x18c common/built-in.o
 .text.parse_argv
                0x000000001780866c       0x64 common/built-in.o
 .text.do_icache
                0x00000000178086d0       0x88 common/built-in.o
 .text.do_dcache
                0x0000000017808758       0x88 common/built-in.o
 .text.do_coninfo
                0x00000000178087e0       0xbc common/built-in.o
 .text.do_echo  0x000000001780889c       0xb0 common/built-in.o
 .text.do_exit  0x000000001780894c       0x30 common/built-in.o
 .text.do_ext4_size
                0x000000001780897c       0x18 common/built-in.o
                0x000000001780897c                do_ext4_size
 .text.do_ext4_load
                0x0000000017808994       0x18 common/built-in.o
                0x0000000017808994                do_ext4_load
 .text.do_ext4_ls
                0x00000000178089ac       0x18 common/built-in.o
                0x00000000178089ac                do_ext4_ls
 .text.do_ext4_write
                0x00000000178089c4       0x18 common/built-in.o
                0x00000000178089c4                do_ext4_write
 .text.do_ext2load
                0x00000000178089dc       0x18 common/built-in.o
                0x00000000178089dc                do_ext2load
 .text.do_ext2ls
                0x00000000178089f4       0x18 common/built-in.o
 .text.do_fat_size
                0x0000000017808a0c       0x18 common/built-in.o
                0x0000000017808a0c                do_fat_size
 .text.do_fat_fsload
                0x0000000017808a24       0x18 common/built-in.o
                0x0000000017808a24                do_fat_fsload
 .text.do_fat_ls
                0x0000000017808a3c       0x18 common/built-in.o
 .text.do_fat_fsinfo
                0x0000000017808a54       0x90 common/built-in.o
 .text.fdt_valid
                0x0000000017808ae4       0xbc common/built-in.o
 .text.is_printable_string
                0x0000000017808ba0       0x98 common/built-in.o
 .text.print_data
                0x0000000017808c38      0x174 common/built-in.o
 .text.set_working_fdt_addr
                0x0000000017808dac       0x1c common/built-in.o
                0x0000000017808dac                set_working_fdt_addr
 .text.do_fdt   0x0000000017808dc8      0xe90 common/built-in.o
 .text.fdt_find_and_setprop
                0x0000000017809c58       0x70 common/built-in.o
                0x0000000017809c58                fdt_find_and_setprop
 .text.fdt_find_or_add_subnode
                0x0000000017809cc8       0x68 common/built-in.o
                0x0000000017809cc8                fdt_find_or_add_subnode
 .text.fdt_initrd
                0x0000000017809d30      0x1d0 common/built-in.o
                0x0000000017809d30                fdt_initrd
 .text.fdt_chosen
                0x0000000017809f00       0xa8 common/built-in.o
                0x0000000017809f00                fdt_chosen
 .text.do_fixup_by_path
                0x0000000017809fa8       0x54 common/built-in.o
                0x0000000017809fa8                do_fixup_by_path
 .text.fdt_fixup_memory_banks
                0x0000000017809ffc      0x1a4 common/built-in.o
                0x0000000017809ffc                fdt_fixup_memory_banks
 .text.fdt_fixup_memory
                0x000000001780a1a0       0x20 common/built-in.o
                0x000000001780a1a0                fdt_fixup_memory
 .text.fdt_fixup_ethernet
                0x000000001780a1c0      0x158 common/built-in.o
                0x000000001780a1c0                fdt_fixup_ethernet
 .text.fdt_shrink_to_minimum
                0x000000001780a318       0xcc common/built-in.o
                0x000000001780a318                fdt_shrink_to_minimum
 .text.do_flinfo
                0x000000001780a3e4        0x8 common/built-in.o
 .text.do_flerase
                0x000000001780a3ec        0x8 common/built-in.o
 .text.do_protect
                0x000000001780a3f4       0x10 common/built-in.o
 .text.strtou32
                0x000000001780a404       0x48 common/built-in.o
 .text.do_fuse  0x000000001780a44c      0x360 common/built-in.o
 .text.do_i2c   0x000000001780a7ac       0x64 common/built-in.o
 .text.do_i2c_reset
                0x000000001780a810       0x30 common/built-in.o
 .text.do_i2c_probe
                0x000000001780a840       0x9c common/built-in.o
 .text.do_i2c_bus_num
                0x000000001780a8dc       0xb8 common/built-in.o
 .text.do_i2c_bus_speed
                0x000000001780a994       0x74 common/built-in.o
 .text.do_i2c_show_bus
                0x000000001780aa08       0xd8 common/built-in.o
 .text.get_alen.constprop.5
                0x000000001780aae0       0x3c common/built-in.o
 .text.do_i2c_crc
                0x000000001780ab1c      0x124 common/built-in.o
 .text.do_i2c_read
                0x000000001780ac40       0xbc common/built-in.o
 .text.do_i2c_md
                0x000000001780acfc      0x1e8 common/built-in.o
 .text.do_i2c_mw
                0x000000001780aee4      0x100 common/built-in.o
 .text.do_i2c_write
                0x000000001780afe4      0x14c common/built-in.o
 .text.mod_i2c_mem.isra.4
                0x000000001780b130      0x208 common/built-in.o
 .text.do_i2c_nm
                0x000000001780b338        0x8 common/built-in.o
 .text.do_i2c_mm
                0x000000001780b340        0x8 common/built-in.o
 .text.do_i2c_loop
                0x000000001780b348       0xe4 common/built-in.o
 .text.i2c_init_board
                0x000000001780b42c        0x4 common/built-in.o
                0x000000001780b42c                i2c_init_board
 .text.evalexp  0x000000001780b430       0x74 common/built-in.o
 .text.evalstr  0x000000001780b4a4       0x6c common/built-in.o
 .text.binary_test
                0x000000001780b510      0x1b0 common/built-in.o
 .text.do_itest
                0x000000001780b6c0       0x98 common/built-in.o
 .text.bin_data_init
                0x000000001780b758       0x2c common/built-in.o
 .text.k_data_save
                0x000000001780b784       0x4c common/built-in.o
 .text.k_data_restore
                0x000000001780b7d0       0x4c common/built-in.o
 .text.getcxmodem
                0x000000001780b81c       0x20 common/built-in.o
 .text.load_serial_ymodem
                0x000000001780b83c       0xcc common/built-in.o
 .text.bin_data_char
                0x000000001780b908       0x2c common/built-in.o
 .text.chk1.constprop.1
                0x000000001780b934       0x2c common/built-in.o
 .text.s1_sendpacket.constprop.2
                0x000000001780b960       0x50 common/built-in.o
 .text.load_serial
                0x000000001780b9b0      0x1e0 common/built-in.o
 .text.do_load_serial
                0x000000001780bb90       0xdc common/built-in.o
 .text.do_load_serial_bin
                0x000000001780bc6c      0x7b0 common/built-in.o
 .text.do_mem_mw
                0x000000001780c41c       0xc0 common/built-in.o
 .text.do_mem_loop
                0x000000001780c4dc       0xec common/built-in.o
 .text.do_mem_md
                0x000000001780c5c8       0xec common/built-in.o
 .text.do_mem_cmp
                0x000000001780c6b4      0x16c common/built-in.o
 .text.do_mem_base
                0x000000001780c820       0x40 common/built-in.o
 .text.do_mem_cp
                0x000000001780c860       0xd8 common/built-in.o
 .text.do_mem_crc
                0x000000001780c938       0x48 common/built-in.o
 .text.do_mem_mtest
                0x000000001780c980      0x204 common/built-in.o
 .text.mod_mem.isra.2
                0x000000001780cb84      0x164 common/built-in.o
 .text.do_mem_mm
                0x000000001780cce8        0x8 common/built-in.o
 .text.do_mem_nm
                0x000000001780ccf0        0x8 common/built-in.o
 .text.miiphy_get_dev_by_name
                0x000000001780ccf8       0x60 common/built-in.o
                0x000000001780ccf8                miiphy_get_dev_by_name
 .text.miiphy_init
                0x000000001780cd58       0x24 common/built-in.o
                0x000000001780cd58                miiphy_init
 .text.mdio_alloc
                0x000000001780cd7c       0x30 common/built-in.o
                0x000000001780cd7c                mdio_alloc
 .text.mdio_register
                0x000000001780cdac       0xa0 common/built-in.o
                0x000000001780cdac                mdio_register
 .text.mdio_list_devices
                0x000000001780ce4c       0x98 common/built-in.o
                0x000000001780ce4c                mdio_list_devices
 .text.miiphy_set_current_dev
                0x000000001780cee4       0x40 common/built-in.o
                0x000000001780cee4                miiphy_set_current_dev
 .text.miiphy_get_active_dev
                0x000000001780cf24       0x54 common/built-in.o
 .text.mdio_get_current_dev
                0x000000001780cf78       0x10 common/built-in.o
                0x000000001780cf78                mdio_get_current_dev
 .text.mdio_phydev_for_ethname
                0x000000001780cf88       0x88 common/built-in.o
                0x000000001780cf88                mdio_phydev_for_ethname
 .text.miiphy_get_current_dev
                0x000000001780d010       0x18 common/built-in.o
                0x000000001780d010                miiphy_get_current_dev
 .text.miiphy_read
                0x000000001780d028       0x4c common/built-in.o
                0x000000001780d028                miiphy_read
 .text.miiphy_write
                0x000000001780d074       0x40 common/built-in.o
                0x000000001780d074                miiphy_write
 .text.miiphy_listdev
                0x000000001780d0b4       0x74 common/built-in.o
                0x000000001780d0b4                miiphy_listdev
 .text.miiphy_info
                0x000000001780d128       0x88 common/built-in.o
                0x000000001780d128                miiphy_info
 .text.miiphy_speed
                0x000000001780d1b0       0x94 common/built-in.o
                0x000000001780d1b0                miiphy_speed
 .text.miiphy_duplex
                0x000000001780d244       0x94 common/built-in.o
                0x000000001780d244                miiphy_duplex
 .text.miiphy_is_1000base_x
                0x000000001780d2d8        0x8 common/built-in.o
                0x000000001780d2d8                miiphy_is_1000base_x
 .text.extract_range
                0x000000001780d2e0       0xe4 common/built-in.o
 .text.do_mii   0x000000001780d3c4      0x7a4 common/built-in.o
 .text.do_mdio  0x000000001780db68      0x4b8 common/built-in.o
 .text.do_sleep
                0x000000001780e020       0x70 common/built-in.o
 .text.do_mmcops
                0x000000001780e090       0xb4 common/built-in.o
 .text.init_mmc_device
                0x000000001780e144       0x54 common/built-in.o
 .text.do_mmc_rescan
                0x000000001780e198       0x24 common/built-in.o
 .text.do_mmc_rst_func
                0x000000001780e1bc       0xa0 common/built-in.o
 .text.do_mmc_partconf
                0x000000001780e25c       0xb4 common/built-in.o
 .text.do_mmc_boot_resize
                0x000000001780e310       0xcc common/built-in.o
 .text.do_mmc_bootbus
                0x000000001780e3dc       0xb4 common/built-in.o
 .text.do_mmc_hwpartition
                0x000000001780e490      0x51c common/built-in.o
 .text.do_mmc_list
                0x000000001780e9ac       0x14 common/built-in.o
 .text.do_mmc_dev
                0x000000001780e9c0      0x134 common/built-in.o
 .text.do_mmc_part
                0x000000001780eaf4       0x5c common/built-in.o
 .text.do_mmc_erase
                0x000000001780eb50       0xe8 common/built-in.o
 .text.do_mmc_write
                0x000000001780ec38      0x100 common/built-in.o
 .text.do_mmc_read
                0x000000001780ed38       0xec common/built-in.o
 .text.do_mmcinfo
                0x000000001780ee24      0x370 common/built-in.o
 .text.do_mmc_setdsr
                0x000000001780f194       0xb0 common/built-in.o
 .text.cpu_cmd  0x000000001780f244      0x110 common/built-in.o
 .text.netboot_common
                0x000000001780f354      0x294 common/built-in.o
 .text.do_bootp
                0x000000001780f5e8        0xc common/built-in.o
 .text.do_dhcp  0x000000001780f5f4        0xc common/built-in.o
 .text.do_nfs   0x000000001780f600        0xc common/built-in.o
 .text.do_tftpb
                0x000000001780f60c       0x40 common/built-in.o
                0x000000001780f60c                do_tftpb
 .text.do_ping  0x000000001780f64c       0x7c common/built-in.o
 .text.bytes_per_second
                0x000000001780f6c8       0x50 common/built-in.o
 .text.do_spi_flash
                0x000000001780f718      0x748 common/built-in.o
 .text.get_arg  0x000000001780fe60       0x58 common/built-in.o
 .text.do_setexpr
                0x000000001780feb8      0x140 common/built-in.o
 .text.do_false
                0x000000001780fff8        0x8 common/built-in.o
 .text.do_true  0x0000000017810000        0x8 common/built-in.o
 .text.do_test  0x0000000017810008      0x33c common/built-in.o
 .text.usb_get_class_desc
                0x0000000017810344       0xbc common/built-in.o
 .text.usb_display_class_sub
                0x0000000017810400      0x170 common/built-in.o
 .text.usb_find_device
                0x0000000017810570       0x3c common/built-in.o
 .text.usb_show_tree_graph
                0x00000000178105ac      0x21c common/built-in.o
 .text.usb_display_string
                0x00000000178107c8       0x44 common/built-in.o
 .text.usb_display_config
                0x000000001781080c      0x20c common/built-in.o
 .text.do_usbboot
                0x0000000017810a18        0xc common/built-in.o
 .text.do_usb_start
                0x0000000017810a24       0x44 common/built-in.o
 .text.usb_display_desc.part.3
                0x0000000017810a68      0x12c common/built-in.o
 .text.do_usb   0x0000000017810b94      0x780 common/built-in.o
 .text.usb_set_maxpacket_ep
                0x0000000017811314       0x70 common/built-in.o
 .text.usb_stop
                0x0000000017811384       0x64 common/built-in.o
                0x0000000017811384                usb_stop
 .text.usb_disable_asynch
                0x00000000178113e8       0x20 common/built-in.o
                0x00000000178113e8                usb_disable_asynch
 .text.usb_control_msg
                0x0000000017811408       0xc4 common/built-in.o
                0x0000000017811408                usb_control_msg
 .text.usb_get_descriptor
                0x00000000178114cc       0x50 common/built-in.o
 .text.usb_get_string
                0x000000001781151c       0x6c common/built-in.o
 .text.usb_string_sub
                0x0000000017811588      0x108 common/built-in.o
 .text.usb_bulk_msg
                0x0000000017811690       0x74 common/built-in.o
                0x0000000017811690                usb_bulk_msg
 .text.usb_maxpacket
                0x0000000017811704       0x1c common/built-in.o
                0x0000000017811704                usb_maxpacket
 .text.usb_clear_halt
                0x0000000017811720       0x8c common/built-in.o
                0x0000000017811720                usb_clear_halt
 .text.usb_get_configuration_no
                0x00000000178117ac       0xbc common/built-in.o
                0x00000000178117ac                usb_get_configuration_no
 .text.usb_set_interface
                0x0000000017811868       0xa8 common/built-in.o
                0x0000000017811868                usb_set_interface
 .text.usb_string
                0x0000000017811910      0x100 common/built-in.o
                0x0000000017811910                usb_string
 .text.usb_get_dev_index
                0x0000000017811a10       0x24 common/built-in.o
                0x0000000017811a10                usb_get_dev_index
 .text.usb_alloc_new_device
                0x0000000017811a34       0x94 common/built-in.o
                0x0000000017811a34                usb_alloc_new_device
 .text.usb_free_device
                0x0000000017811ac8       0x48 common/built-in.o
                0x0000000017811ac8                usb_free_device
 .text.usb_alloc_device
                0x0000000017811b10        0x8 common/built-in.o
                0x0000000017811b10                usb_alloc_device
 .text.usb_new_device
                0x0000000017811b18      0x5c8 common/built-in.o
                0x0000000017811b18                usb_new_device
 .text.usb_init
                0x00000000178120e0      0x12c common/built-in.o
                0x00000000178120e0                usb_init
 .text.usb_set_port_feature
                0x000000001781220c       0x4c common/built-in.o
 .text.usb_hub_power_on
                0x0000000017812258       0x44 common/built-in.o
 .text.usb_get_port_status
                0x000000001781229c       0x4c common/built-in.o
 .text.usb_clear_port_feature
                0x00000000178122e8       0x4c common/built-in.o
 .text.usb_get_hub_descriptor
                0x0000000017812334       0x50 common/built-in.o
 .text.usb_hub_reset_devices
                0x0000000017812384        0x4 common/built-in.o
                0x0000000017812384                usb_hub_reset_devices
 .text.usb_hub_reset
                0x0000000017812388       0x14 common/built-in.o
                0x0000000017812388                usb_hub_reset
 .text.hub_port_reset
                0x000000001781239c       0x98 common/built-in.o
                0x000000001781239c                hub_port_reset
 .text.usb_hub_port_connect_change
                0x0000000017812434      0x120 common/built-in.o
                0x0000000017812434                usb_hub_port_connect_change
 .text.usb_hub_configure
                0x0000000017812554      0x2d8 common/built-in.o
 .text.usb_hub_probe
                0x000000001781282c       0x58 common/built-in.o
                0x000000001781282c                usb_hub_probe
 .text.usb_stor_irq
                0x0000000017812884       0x1c common/built-in.o
 .text.usb_stor_BBB_reset
                0x00000000178128a0       0xd0 common/built-in.o
 .text.usb_stor_CB_reset
                0x0000000017812970       0xcc common/built-in.o
 .text.usb_stor_BBB_clear_endpt_stall.isra.2
                0x0000000017812a3c       0x40 common/built-in.o
 .text.usb_stor_BBB_transport
                0x0000000017812a7c      0x26c common/built-in.o
 .text.usb_stor_CB_comdat
                0x0000000017812ce8      0x208 common/built-in.o
 .text.usb_stor_CBI_get_status.isra.4
                0x0000000017812ef0       0xc8 common/built-in.o
 .text.usb_stor_CB_transport
                0x0000000017812fb8      0x228 common/built-in.o
 .text.usb_request_sense.constprop.10
                0x00000000178131e0       0x70 common/built-in.o
 .text.usb_stor_write
                0x0000000017813250      0x1cc common/built-in.o
                0x0000000017813250                usb_stor_write
 .text.usb_stor_read
                0x000000001781341c      0x1cc common/built-in.o
                0x000000001781341c                usb_stor_read
 .text.usb_stor_get_dev
                0x00000000178135e8       0x28 common/built-in.o
                0x00000000178135e8                usb_stor_get_dev
 .text.usb_stor_info
                0x0000000017813610       0x74 common/built-in.o
                0x0000000017813610                usb_stor_info
 .text.usb_storage_probe
                0x0000000017813684      0x208 common/built-in.o
                0x0000000017813684                usb_storage_probe
 .text.usb_stor_get_info
                0x000000001781388c      0x324 common/built-in.o
                0x000000001781388c                usb_stor_get_info
 .text.usb_stor_scan
                0x0000000017813bb0      0x200 common/built-in.o
                0x0000000017813bb0                usb_stor_scan
 .text.do_imgextract
                0x0000000017813db0      0x28c common/built-in.o
 .text.splash_screen_prepare
                0x000000001781403c        0x8 common/built-in.o
                0x000000001781403c                splash_screen_prepare
 .text.splash_get_pos
                0x0000000017814044       0x84 common/built-in.o
                0x0000000017814044                splash_get_pos
 .text.do_env_delete
                0x00000000178140c8       0x9c common/built-in.o
 .text.do_env_exists
                0x0000000017814164       0x64 common/built-in.o
 .text.do_env_save
                0x00000000178141c8       0x2c common/built-in.o
 .text.do_env   0x00000000178141f4       0x64 common/built-in.o
 .text.env_print
                0x0000000017814258       0xc0 common/built-in.o
 .text.do_env_print
                0x0000000017814318       0xc4 common/built-in.o
 .text.do_env_import
                0x00000000178143dc      0x28c common/built-in.o
 .text.do_env_default
                0x0000000017814668       0xa8 common/built-in.o
 .text._do_env_set.isra.1
                0x0000000017814710      0x1b8 common/built-in.o
 .text.do_env_set
                0x00000000178148c8       0x1c common/built-in.o
 .text.get_env_id
                0x00000000178148e4       0x10 common/built-in.o
                0x00000000178148e4                get_env_id
 .text.setenv   0x00000000178148f4       0x58 common/built-in.o
                0x00000000178148f4                setenv
 .text.setenv_ulong
                0x000000001781494c       0x20 common/built-in.o
                0x000000001781494c                setenv_ulong
 .text.setenv_hex
                0x000000001781496c       0x34 common/built-in.o
                0x000000001781496c                setenv_hex
 .text.do_env_export
                0x00000000178149a0      0x260 common/built-in.o
 .text.envmatch
                0x0000000017814c00       0x6c common/built-in.o
                0x0000000017814c00                envmatch
 .text.getenv_f
                0x0000000017814c6c       0xc0 common/built-in.o
                0x0000000017814c6c                getenv_f
 .text.getenv   0x0000000017814d2c       0x78 common/built-in.o
                0x0000000017814d2c                getenv
 .text.getenv_hex
                0x0000000017814da4       0x3c common/built-in.o
                0x0000000017814da4                getenv_hex
 .text.getenv_ulong
                0x0000000017814de0       0x30 common/built-in.o
                0x0000000017814de0                getenv_ulong
 .text.do_env_edit
                0x0000000017814e10       0x78 common/built-in.o
 .text.env_get_char_spec
                0x0000000017814e88        0xc common/built-in.o
                0x0000000017814e88                env_get_char_spec
 .text.env_get_addr
                0x0000000017814e94       0x20 common/built-in.o
                0x0000000017814e94                env_get_addr
 .text.env_get_char_memory
                0x0000000017814eb4       0x10 common/built-in.o
                0x0000000017814eb4                env_get_char_memory
 .text.env_get_char
                0x0000000017814ec4       0x30 common/built-in.o
                0x0000000017814ec4                env_get_char
 .text.getenv_yesno
                0x0000000017814ef4       0x40 common/built-in.o
                0x0000000017814ef4                getenv_yesno
 .text.getenv_default
                0x0000000017814f34       0x30 common/built-in.o
                0x0000000017814f34                getenv_default
 .text.set_default_env
                0x0000000017814f64       0xc0 common/built-in.o
                0x0000000017814f64                set_default_env
 .text.set_default_vars
                0x0000000017815024       0x3c common/built-in.o
                0x0000000017815024                set_default_vars
 .text.env_import
                0x0000000017815060       0xe0 common/built-in.o
                0x0000000017815060                env_import
 .text.env_export
                0x0000000017815140       0xa0 common/built-in.o
                0x0000000017815140                env_export
 .text.env_relocate
                0x00000000178151e0       0x30 common/built-in.o
                0x00000000178151e0                env_relocate
 .text.env_complete
                0x0000000017815210       0xdc common/built-in.o
                0x0000000017815210                env_complete
 .text.console_setfile
                0x00000000178152ec       0xc0 common/built-in.o
 .text.serial_printf
                0x00000000178153ac       0x4c common/built-in.o
                0x00000000178153ac                serial_printf
 .text.puts     0x00000000178153f8       0x34 common/built-in.o
                0x00000000178153f8                puts
 .text.printf   0x000000001781542c       0x58 common/built-in.o
                0x000000001781542c                printf
 .text.putc     0x0000000017815484       0x34 common/built-in.o
                0x0000000017815484                putc
 .text.fgetc    0x00000000178154b8       0x24 common/built-in.o
                0x00000000178154b8                fgetc
 .text.getc     0x00000000178154dc       0x24 common/built-in.o
                0x00000000178154dc                getc
 .text.ftstc    0x0000000017815500       0x24 common/built-in.o
                0x0000000017815500                ftstc
 .text.tstc     0x0000000017815524       0x24 common/built-in.o
                0x0000000017815524                tstc
 .text.vprintf  0x0000000017815548       0x3c common/built-in.o
                0x0000000017815548                vprintf
 .text.ctrlc    0x0000000017815584       0x58 common/built-in.o
                0x0000000017815584                ctrlc
 .text.confirm_yesno
                0x00000000178155dc       0xd4 common/built-in.o
                0x00000000178155dc                confirm_yesno
 .text.had_ctrlc
                0x00000000178156b0       0x10 common/built-in.o
                0x00000000178156b0                had_ctrlc
 .text.clear_ctrlc
                0x00000000178156c0       0x14 common/built-in.o
                0x00000000178156c0                clear_ctrlc
 .text.search_device
                0x00000000178156d4       0x28 common/built-in.o
                0x00000000178156d4                search_device
 .text.console_assign
                0x00000000178156fc       0x48 common/built-in.o
                0x00000000178156fc                console_assign
 .text.on_console
                0x0000000017815744       0xc0 common/built-in.o
 .text.console_init_f
                0x0000000017815804       0x10 common/built-in.o
                0x0000000017815804                console_init_f
 .text.stdio_print_current_devices
                0x0000000017815814       0xb0 common/built-in.o
                0x0000000017815814                stdio_print_current_devices
 .text.console_init_r
                0x00000000178158c4      0x194 common/built-in.o
                0x00000000178158c4                console_init_r
 .text.sbrk     0x0000000017815a58       0x70 common/built-in.o
                0x0000000017815a58                sbrk
 .text.mem_malloc_init
                0x0000000017815ac8       0x34 common/built-in.o
                0x0000000017815ac8                mem_malloc_init
 .text.malloc_trim
                0x0000000017815afc       0xcc common/built-in.o
                0x0000000017815afc                malloc_trim
 .text.free     0x0000000017815bc8      0x248 common/built-in.o
                0x0000000017815bc8                free
 .text.malloc   0x0000000017815e10      0x62c common/built-in.o
                0x0000000017815e10                malloc
 .text.calloc   0x000000001781643c      0x148 common/built-in.o
                0x000000001781643c                calloc
 .text.realloc  0x0000000017816584      0x4d8 common/built-in.o
                0x0000000017816584                realloc
 .text.memalign
                0x0000000017816a5c      0x10c common/built-in.o
                0x0000000017816a5c                memalign
 .text.malloc_simple
                0x0000000017816b68       0x30 common/built-in.o
                0x0000000017816b68                malloc_simple
 .text.on_loadaddr
                0x0000000017816b98       0x38 common/built-in.o
 .text.image_check_hcrc
                0x0000000017816bd0       0x4c common/built-in.o
                0x0000000017816bd0                image_check_hcrc
 .text.image_check_dcrc
                0x0000000017816c1c       0x38 common/built-in.o
                0x0000000017816c1c                image_check_dcrc
 .text.image_multi_count
                0x0000000017816c54       0x1c common/built-in.o
                0x0000000017816c54                image_multi_count
 .text.image_multi_getimg
                0x0000000017816c70       0x80 common/built-in.o
                0x0000000017816c70                image_multi_getimg
 .text.getenv_bootm_low
                0x0000000017816cf0       0x30 common/built-in.o
                0x0000000017816cf0                getenv_bootm_low
 .text.getenv_bootm_size
                0x0000000017816d20       0x5c common/built-in.o
                0x0000000017816d20                getenv_bootm_size
 .text.getenv_bootm_mapsize
                0x0000000017816d7c       0x30 common/built-in.o
                0x0000000017816d7c                getenv_bootm_mapsize
 .text.memmove_wd
                0x0000000017816dac        0xc common/built-in.o
                0x0000000017816dac                memmove_wd
 .text.genimg_print_size
                0x0000000017816db8       0x30 common/built-in.o
                0x0000000017816db8                genimg_print_size
 .text.get_table_entry_name
                0x0000000017816de8       0x2c common/built-in.o
                0x0000000017816de8                get_table_entry_name
 .text.genimg_get_os_name
                0x0000000017816e14       0x18 common/built-in.o
                0x0000000017816e14                genimg_get_os_name
 .text.genimg_get_arch_name
                0x0000000017816e2c       0x18 common/built-in.o
                0x0000000017816e2c                genimg_get_arch_name
 .text.genimg_get_type_name
                0x0000000017816e44       0x18 common/built-in.o
                0x0000000017816e44                genimg_get_type_name
 .text.genimg_get_comp_name
                0x0000000017816e5c       0x18 common/built-in.o
                0x0000000017816e5c                genimg_get_comp_name
 .text.image_print_contents
                0x0000000017816e74      0x174 common/built-in.o
                0x0000000017816e74                image_print_contents
 .text.genimg_get_kernel_addr_fit
                0x0000000017816fe8       0x24 common/built-in.o
                0x0000000017816fe8                genimg_get_kernel_addr_fit
 .text.genimg_get_format
                0x000000001781700c       0x34 common/built-in.o
                0x000000001781700c                genimg_get_format
 .text.genimg_get_image
                0x0000000017817040        0x4 common/built-in.o
                0x0000000017817040                genimg_get_image
 .text.genimg_has_config
                0x0000000017817044        0x8 common/built-in.o
                0x0000000017817044                genimg_has_config
 .text.boot_get_ramdisk
                0x000000001781704c      0x238 common/built-in.o
                0x000000001781704c                boot_get_ramdisk
 .text.boot_ramdisk_high
                0x0000000017817284      0x13c common/built-in.o
                0x0000000017817284                boot_ramdisk_high
 .text.boot_get_setup
                0x00000000178173c0        0x8 common/built-in.o
                0x00000000178173c0                boot_get_setup
 .text.image_setup_linux
                0x00000000178173c8       0x8c common/built-in.o
                0x00000000178173c8                image_setup_linux
 .text.fdt_error
                0x0000000017817454       0x2c common/built-in.o
 .text.boot_fdt_add_mem_rsv_regions
                0x0000000017817480       0x88 common/built-in.o
                0x0000000017817480                boot_fdt_add_mem_rsv_regions
 .text.boot_relocate_fdt
                0x0000000017817508      0x194 common/built-in.o
                0x0000000017817508                boot_relocate_fdt
 .text.boot_get_fdt
                0x000000001781769c      0x2ac common/built-in.o
                0x000000001781769c                boot_get_fdt
 .text.ft_verify_fdt
                0x0000000017817948        0x8 common/built-in.o
                0x0000000017817948                ft_verify_fdt
 .text.image_setup_libfdt
                0x0000000017817950       0xe8 common/built-in.o
                0x0000000017817950                image_setup_libfdt
 .text.get_effective_memsize
                0x0000000017817a38        0x8 common/built-in.o
                0x0000000017817a38                get_effective_memsize
 .text.nulldev_putc
                0x0000000017817a40        0x4 common/built-in.o
 .text.nulldev_puts
                0x0000000017817a44        0x4 common/built-in.o
 .text.nulldev_input
                0x0000000017817a48        0x8 common/built-in.o
 .text.stdio_serial_tstc
                0x0000000017817a50        0x4 common/built-in.o
 .text.stdio_serial_getc
                0x0000000017817a54        0x4 common/built-in.o
 .text.stdio_serial_puts
                0x0000000017817a58        0x8 common/built-in.o
 .text.stdio_serial_putc
                0x0000000017817a60        0x8 common/built-in.o
 .text.stdio_get_list
                0x0000000017817a68        0xc common/built-in.o
                0x0000000017817a68                stdio_get_list
 .text.stdio_get_by_name
                0x0000000017817a74       0x5c common/built-in.o
                0x0000000017817a74                stdio_get_by_name
 .text.stdio_clone
                0x0000000017817ad0       0x38 common/built-in.o
                0x0000000017817ad0                stdio_clone
 .text.stdio_register_dev
                0x0000000017817b08       0x50 common/built-in.o
                0x0000000017817b08                stdio_register_dev
 .text.stdio_register
                0x0000000017817b58        0x8 common/built-in.o
                0x0000000017817b58                stdio_register
 .text.stdio_init_tables
                0x0000000017817b60       0x1c common/built-in.o
                0x0000000017817b60                stdio_init_tables
 .text.stdio_add_devices
                0x0000000017817b7c       0xd4 common/built-in.o
                0x0000000017817b7c                stdio_add_devices
 .text.run_command
                0x0000000017817c50       0x10 common/built-in.o
                0x0000000017817c50                run_command
 .text.run_command_list
                0x0000000017817c60       0x5c common/built-in.o
                0x0000000017817c60                run_command_list
 .text.do_run   0x0000000017817cbc       0x78 common/built-in.o
                0x0000000017817cbc                do_run
 .text.cli_loop
                0x0000000017817d34        0xc common/built-in.o
                0x0000000017817d34                cli_loop
 .text.cli_init
                0x0000000017817d40        0x4 common/built-in.o
                0x0000000017817d40                cli_init
 .text.delete_char.part.0
                0x0000000017817d44       0xd0 common/built-in.o
 .text.cread_add_char
                0x0000000017817e14       0xe8 common/built-in.o
 .text.cli_readline_into_buffer
                0x0000000017817efc      0x9c4 common/built-in.o
                0x0000000017817efc                cli_readline_into_buffer
 .text.cli_readline
                0x00000000178188c0       0x14 common/built-in.o
                0x00000000178188c0                cli_readline
 .text.find_cmd_tbl
                0x00000000178188d4       0xa4 common/built-in.o
                0x00000000178188d4                find_cmd_tbl
 .text.find_cmd
                0x0000000017818978       0x28 common/built-in.o
                0x0000000017818978                find_cmd
 .text.cmd_usage
                0x00000000178189a0       0x5c common/built-in.o
                0x00000000178189a0                cmd_usage
 .text._do_help
                0x00000000178189fc      0x180 common/built-in.o
                0x00000000178189fc                _do_help
 .text.var_complete
                0x0000000017818b7c       0x7c common/built-in.o
                0x0000000017818b7c                var_complete
 .text.cmd_auto_complete
                0x0000000017818bf8      0x4b4 common/built-in.o
                0x0000000017818bf8                cmd_auto_complete
 .text.cmd_get_data_size
                0x00000000178190ac       0x5c common/built-in.o
                0x00000000178190ac                cmd_get_data_size
 .text.cmd_process
                0x0000000017819108       0xf4 common/built-in.o
                0x0000000017819108                cmd_process
 .text.cmd_process_error
                0x00000000178191fc       0x34 common/built-in.o
                0x00000000178191fc                cmd_process_error
 .text.hex1_bin
                0x0000000017819230       0x40 common/built-in.o
 .text.hex2_bin
                0x0000000017819270       0x38 common/built-in.o
 .text.srec_decode
                0x00000000178192a8      0x254 common/built-in.o
                0x00000000178192a8                srec_decode
 .text.CYGACC_COMM_IF_GETC_TIMEOUT.isra.0
                0x00000000178194fc       0x5c common/built-in.o
 .text.xyzModem_flush
                0x0000000017819558       0x1c common/built-in.o
 .text.xyzModem_get_hdr
                0x0000000017819574      0x230 common/built-in.o
 .text.xyzModem_stream_open
                0x00000000178197a4      0x23c common/built-in.o
                0x00000000178197a4                xyzModem_stream_open
 .text.xyzModem_stream_read
                0x00000000178199e0      0x258 common/built-in.o
                0x00000000178199e0                xyzModem_stream_read
 .text.xyzModem_stream_close
                0x0000000017819c38       0x54 common/built-in.o
                0x0000000017819c38                xyzModem_stream_close
 .text.xyzModem_stream_terminate
                0x0000000017819c8c       0x94 common/built-in.o
                0x0000000017819c8c                xyzModem_stream_terminate
 .text.xyzModem_error
                0x0000000017819d20       0x20 common/built-in.o
                0x0000000017819d20                xyzModem_error
 .text.common_diskboot
                0x0000000017819d40      0x238 common/built-in.o
                0x0000000017819d40                common_diskboot
 .text.get_dev_hwpart
                0x0000000017819f78       0xb0 disk/built-in.o
 .text.dev_print
                0x000000001781a028      0x204 disk/built-in.o
                0x000000001781a028                dev_print
 .text.init_part
                0x000000001781a22c       0x20 disk/built-in.o
                0x000000001781a22c                init_part
 .text.print_part
                0x000000001781a24c       0xf4 disk/built-in.o
                0x000000001781a24c                print_part
 .text.get_partition_info
                0x000000001781a340       0x2c disk/built-in.o
                0x000000001781a340                get_partition_info
 .text.get_device
                0x000000001781a36c      0x114 disk/built-in.o
                0x000000001781a36c                get_device
 .text.get_device_and_partition
                0x000000001781a480      0x440 disk/built-in.o
                0x000000001781a480                get_device_and_partition
 .text.test_block_type
                0x000000001781a8c0       0x84 disk/built-in.o
 .text.print_partition_extended
                0x000000001781a944      0x278 disk/built-in.o
 .text.get_partition_info_extended.constprop.2
                0x000000001781abbc      0x2d4 disk/built-in.o
 .text.test_part_dos
                0x000000001781ae90       0x64 disk/built-in.o
                0x000000001781ae90                test_part_dos
 .text.print_part_dos
                0x000000001781aef4       0x34 disk/built-in.o
                0x000000001781aef4                print_part_dos
 .text.get_partition_info_dos
                0x000000001781af28       0x20 disk/built-in.o
                0x000000001781af28                get_partition_info_dos
 .text.device_bind
                0x000000001781af48      0x268 drivers/built-in.o
                0x000000001781af48                device_bind
 .text.device_bind_by_name
                0x000000001781b1b0       0x5c drivers/built-in.o
                0x000000001781b1b0                device_bind_by_name
 .text.device_probe
                0x000000001781b20c        0x8 drivers/built-in.o
                0x000000001781b20c                device_probe
 .text.device_probe_child
                0x000000001781b214      0x208 drivers/built-in.o
                0x000000001781b214                device_probe_child
 .text.dev_get_platdata
                0x000000001781b41c       0x34 drivers/built-in.o
                0x000000001781b41c                dev_get_platdata
 .text.dev_get_priv
                0x000000001781b450       0x34 drivers/built-in.o
                0x000000001781b450                dev_get_priv
 .text.lists_driver_lookup_name
                0x000000001781b484       0x4c drivers/built-in.o
                0x000000001781b484                lists_driver_lookup_name
 .text.lists_uclass_lookup
                0x000000001781b4d0       0x3c drivers/built-in.o
                0x000000001781b4d0                lists_uclass_lookup
 .text.lists_bind_drivers
                0x000000001781b50c       0x88 drivers/built-in.o
                0x000000001781b50c                lists_bind_drivers
 .text.dm_root  0x000000001781b594       0x28 drivers/built-in.o
                0x000000001781b594                dm_root
 .text.dm_init  0x000000001781b5bc       0x58 drivers/built-in.o
                0x000000001781b5bc                dm_init
 .text.dm_scan_platdata
                0x000000001781b614       0x2c drivers/built-in.o
                0x000000001781b614                dm_scan_platdata
 .text.dm_scan_other
                0x000000001781b640        0x8 drivers/built-in.o
                0x000000001781b640                dm_scan_other
 .text.dm_init_and_scan
                0x000000001781b648       0x30 drivers/built-in.o
                0x000000001781b648                dm_init_and_scan
 .text.uclass_find
                0x000000001781b678       0x4c drivers/built-in.o
                0x000000001781b678                uclass_find
 .text.uclass_get
                0x000000001781b6c4      0x134 drivers/built-in.o
                0x000000001781b6c4                uclass_get
 .text.uclass_find_device
                0x000000001781b7f8       0x68 drivers/built-in.o
                0x000000001781b7f8                uclass_find_device
 .text.uclass_find_device_by_seq
                0x000000001781b860       0x7c drivers/built-in.o
                0x000000001781b860                uclass_find_device_by_seq
 .text.uclass_get_device
                0x000000001781b8dc       0x3c drivers/built-in.o
                0x000000001781b8dc                uclass_get_device
 .text.uclass_bind_device
                0x000000001781b918       0xa4 drivers/built-in.o
                0x000000001781b918                uclass_bind_device
 .text.uclass_unbind_device
                0x000000001781b9bc       0x50 drivers/built-in.o
                0x000000001781b9bc                uclass_unbind_device
 .text.uclass_resolve_seq
                0x000000001781ba0c       0xb0 drivers/built-in.o
                0x000000001781ba0c                uclass_resolve_seq
 .text.uclass_pre_probe_child
                0x000000001781babc       0x2c drivers/built-in.o
                0x000000001781babc                uclass_pre_probe_child
 .text.uclass_post_probe_device
                0x000000001781bae8       0x20 drivers/built-in.o
                0x000000001781bae8                uclass_post_probe_device
 .text.uclass_pre_remove_device
                0x000000001781bb08       0x5c drivers/built-in.o
                0x000000001781bb08                uclass_pre_remove_device
 .text.dm_warn  0x000000001781bb64       0x28 drivers/built-in.o
                0x000000001781bb64                dm_warn
 .text.device_free
                0x000000001781bb8c       0x90 drivers/built-in.o
                0x000000001781bb8c                device_free
 .text.device_remove
                0x000000001781bc1c      0x138 drivers/built-in.o
                0x000000001781bc1c                device_remove
 .text.finish_access
                0x000000001781bd54       0x2c drivers/built-in.o
 .text.prepare_access
                0x000000001781bd80       0x8c drivers/built-in.o
 .text.set_timing
                0x000000001781be0c       0xb8 drivers/built-in.o
 .text.fuse_bank_physical
                0x000000001781bec4       0x78 drivers/built-in.o
                0x000000001781bec4                fuse_bank_physical
 .text.fuse_read
                0x000000001781bf3c       0x74 drivers/built-in.o
                0x000000001781bf3c                fuse_read
 .text.fuse_sense
                0x000000001781bfb0       0xac drivers/built-in.o
                0x000000001781bfb0                fuse_sense
 .text.fuse_prog
                0x000000001781c05c       0xa8 drivers/built-in.o
                0x000000001781c05c                fuse_prog
 .text.fuse_override
                0x000000001781c104       0x6c drivers/built-in.o
                0x000000001781c104                fuse_override
 .text.video_drawchars
                0x000000001781c170      0x44c drivers/built-in.o
 .text.draw_bitmap
                0x000000001781c5bc       0xdc drivers/built-in.o
 .text.console_newline.constprop.1
                0x000000001781c698       0xe0 drivers/built-in.o
 .text.video_putc
                0x000000001781c778      0x194 drivers/built-in.o
 .text.video_puts
                0x000000001781c90c       0x7c drivers/built-in.o
 .text.board_cfb_skip
                0x000000001781c988        0x8 drivers/built-in.o
                0x000000001781c988                board_cfb_skip
 .text.video_set_lut
                0x000000001781c990        0x8 drivers/built-in.o
                0x000000001781c994                video_set_lut
 .text.display_rle8_bitmap
                0x000000001781c998      0x348 drivers/built-in.o
 .text.plot_logo_or_black
                0x000000001781cce0      0x268 drivers/built-in.o
 .text.do_clrlogo
                0x000000001781cf48       0x58 drivers/built-in.o
 .text.video_display_bitmap
                0x000000001781cfa0      0x988 drivers/built-in.o
                0x000000001781cfa0                video_display_bitmap
 .text.video_clear
                0x000000001781d928       0x54 drivers/built-in.o
                0x000000001781d928                video_clear
 .text.drv_video_init
                0x000000001781d97c      0x448 drivers/built-in.o
                0x000000001781d97c                drv_video_init
 .text.mxcfb_map_video_memory
                0x000000001781ddc4       0x88 drivers/built-in.o
 .text.ipuv3_fb_shutdown
                0x000000001781de4c       0x60 drivers/built-in.o
                0x000000001781de4c                ipuv3_fb_shutdown
 .text.video_hw_init
                0x000000001781deac      0x5cc drivers/built-in.o
                0x000000001781deac                video_hw_init
 .text.ipuv3_fb_init
                0x000000001781e478       0x2c drivers/built-in.o
                0x000000001781e478                ipuv3_fb_init
 .text.clk_ipu_enable
                0x000000001781e4a4       0x20 drivers/built-in.o
 .text.clk_ipu_disable
                0x000000001781e4c4       0x1c drivers/built-in.o
 .text.clk_ldb_clk_enable
                0x000000001781e4e0       0x20 drivers/built-in.o
 .text.clk_ldb_clk_disable
                0x000000001781e500       0x1c drivers/built-in.o
 .text.ipu_pixel_clk_enable
                0x000000001781e51c       0x28 drivers/built-in.o
 .text.ipu_pixel_clk_disable
                0x000000001781e544       0x24 drivers/built-in.o
 .text.ipu_pixel_clk_round_rate
                0x000000001781e568      0x118 drivers/built-in.o
 .text.ipu_pixel_clk_set_rate
                0x000000001781e680       0xe8 drivers/built-in.o
 .text.ipu_pixel_clk_recalc
                0x000000001781e768       0x7c drivers/built-in.o
 .text.ipu_pixel_clk_set_parent
                0x000000001781e7e4       0x84 drivers/built-in.o
 .text.clk_enable
                0x000000001781e868       0x24 drivers/built-in.o
                0x000000001781e868                clk_enable
 .text.clk_disable
                0x000000001781e88c       0x30 drivers/built-in.o
                0x000000001781e88c                clk_disable
 .text.clk_get_usecount
                0x000000001781e8bc        0xc drivers/built-in.o
                0x000000001781e8bc                clk_get_usecount
 .text.clk_get_rate
                0x000000001781e8c8        0xc drivers/built-in.o
                0x000000001781e8c8                clk_get_rate
 .text.clk_get_parent
                0x000000001781e8d4        0xc drivers/built-in.o
                0x000000001781e8d4                clk_get_parent
 .text.clk_set_rate
                0x000000001781e8e0       0x24 drivers/built-in.o
                0x000000001781e8e0                clk_set_rate
 .text.clk_round_rate
                0x000000001781e904       0x20 drivers/built-in.o
                0x000000001781e904                clk_round_rate
 .text.clk_set_parent
                0x000000001781e924       0x1c drivers/built-in.o
                0x000000001781e924                clk_set_parent
 .text.ipu_probe
                0x000000001781e940      0x158 drivers/built-in.o
                0x000000001781e940                ipu_probe
 .text.ipu_dump_registers
                0x000000001781ea98        0x4 drivers/built-in.o
                0x000000001781ea98                ipu_dump_registers
 .text.ipu_init_channel
                0x000000001781ea9c      0x1fc drivers/built-in.o
                0x000000001781ea9c                ipu_init_channel
 .text.ipu_uninit_channel
                0x000000001781ec98      0x220 drivers/built-in.o
                0x000000001781ec98                ipu_uninit_channel
 .text.ipu_enable_channel
                0x000000001781eeb8       0xe8 drivers/built-in.o
                0x000000001781eeb8                ipu_enable_channel
 .text.ipu_clear_buffer_ready
                0x000000001781efa0       0x7c drivers/built-in.o
                0x000000001781efa0                ipu_clear_buffer_ready
 .text.ipu_disable_channel
                0x000000001781f01c      0x198 drivers/built-in.o
                0x000000001781f01c                ipu_disable_channel
 .text.bytes_per_pixel
                0x000000001781f1b4       0xec drivers/built-in.o
                0x000000001781f1b4                bytes_per_pixel
 .text.ipu_init_channel_buffer
                0x000000001781f2a0      0x5c0 drivers/built-in.o
                0x000000001781f2a0                ipu_init_channel_buffer
 .text.format_to_colorspace
                0x000000001781f860       0xc4 drivers/built-in.o
                0x000000001781f860                format_to_colorspace
 .text.ipu_dc_map_config
                0x000000001781f924       0x70 drivers/built-in.o
 .text.rgb_to_yuv
                0x000000001781f994       0x70 drivers/built-in.o
 .text.ipu_dc_link_event
                0x000000001781fa04      0x170 drivers/built-in.o
 .text.ipu_dp_csc_setup.isra.0
                0x000000001781fb74      0x100 drivers/built-in.o
 .text.ipu_di_sync_config.constprop.3
                0x000000001781fc74       0xf0 drivers/built-in.o
 .text.ipu_dmfc_init
                0x000000001781fd64      0x158 drivers/built-in.o
                0x000000001781fd64                ipu_dmfc_init
 .text.ipu_dmfc_set_wait4eot
                0x000000001781febc      0x130 drivers/built-in.o
                0x000000001781febc                ipu_dmfc_set_wait4eot
 .text.ipu_dp_init
                0x000000001781ffec      0x1f8 drivers/built-in.o
                0x000000001781ffec                ipu_dp_init
 .text.ipu_dp_uninit
                0x00000000178201e4       0x7c drivers/built-in.o
                0x00000000178201e4                ipu_dp_uninit
 .text.ipu_dc_init
                0x0000000017820260      0x2d0 drivers/built-in.o
                0x0000000017820260                ipu_dc_init
 .text.ipu_dc_uninit
                0x0000000017820530      0x1b4 drivers/built-in.o
                0x0000000017820530                ipu_dc_uninit
 .text.ipu_dp_dc_enable
                0x00000000178206e4      0x1c4 drivers/built-in.o
                0x00000000178206e4                ipu_dp_dc_enable
 .text.ipu_dp_dc_disable
                0x00000000178208a8      0x31c drivers/built-in.o
                0x00000000178208a8                ipu_dp_dc_disable
 .text.ipu_init_dc_mappings
                0x0000000017820bc4      0x184 drivers/built-in.o
                0x0000000017820bc4                ipu_init_dc_mappings
 .text.ipu_init_sync_panel
                0x0000000017820d48      0x7c4 drivers/built-in.o
                0x0000000017820d48                ipu_init_sync_panel
 .text.ipu_disp_set_global_alpha
                0x000000001782150c      0x100 drivers/built-in.o
                0x000000001782150c                ipu_disp_set_global_alpha
 .text.ipu_disp_set_color_key
                0x000000001782160c      0x1a4 drivers/built-in.o
                0x000000001782160c                ipu_disp_set_color_key
 .text.reset_cpu
                0x00000000178217b0       0x28 drivers/built-in.o
                0x00000000178217b0                reset_cpu
 .text.thermal_get_temp
                0x00000000178217d8       0x20 drivers/built-in.o
                0x00000000178217d8                thermal_get_temp
 .text.read_cpu_temperature
                0x00000000178217f8      0x144 drivers/built-in.o
 .text.imx_thermal_get_temp
                0x000000001782193c       0x48 drivers/built-in.o
                0x000000001782193c                imx_thermal_get_temp
 .text.imx_thermal_probe
                0x0000000017821984       0x7c drivers/built-in.o
 .text.gpio_set_value
                0x0000000017821a00       0x44 drivers/gpio/built-in.o
                0x0000000017821a00                gpio_set_value
 .text.gpio_get_value
                0x0000000017821a44       0x34 drivers/gpio/built-in.o
                0x0000000017821a44                gpio_get_value
 .text.gpio_request
                0x0000000017821a78       0x10 drivers/gpio/built-in.o
                0x0000000017821a78                gpio_request
 .text.gpio_free
                0x0000000017821a88        0x8 drivers/gpio/built-in.o
                0x0000000017821a88                gpio_free
 .text.gpio_direction_input
                0x0000000017821a90       0x3c drivers/gpio/built-in.o
                0x0000000017821a90                gpio_direction_input
 .text.gpio_direction_output
                0x0000000017821acc       0x50 drivers/gpio/built-in.o
                0x0000000017821acc                gpio_direction_output
 .text.i2c_get_adapter
                0x0000000017821b1c       0x64 drivers/i2c/built-in.o
                0x0000000017821b1c                i2c_get_adapter
 .text.i2c_init_bus
                0x0000000017821b80       0x90 drivers/i2c/built-in.o
 .text.i2c_get_bus_num
                0x0000000017821c10        0x8 drivers/i2c/built-in.o
                0x0000000017821c10                i2c_get_bus_num
 .text.i2c_set_bus_num
                0x0000000017821c18       0xbc drivers/i2c/built-in.o
                0x0000000017821c18                i2c_set_bus_num
 .text.i2c_init_all
                0x0000000017821cd4       0x14 drivers/i2c/built-in.o
                0x0000000017821cd4                i2c_init_all
 .text.i2c_probe
                0x0000000017821ce8       0x2c drivers/i2c/built-in.o
                0x0000000017821ce8                i2c_probe
 .text.i2c_read
                0x0000000017821d14       0x4c drivers/i2c/built-in.o
                0x0000000017821d14                i2c_read
 .text.i2c_write
                0x0000000017821d60       0x4c drivers/i2c/built-in.o
                0x0000000017821d60                i2c_write
 .text.i2c_set_bus_speed